// Jest Snapshot v1, https://goo.gl/fbAQLP

exports[`renders correctly 1`] = `
<section
  className="product_slogan_description"
>
  <p
    className="product_slogan"
  >
    Make yourself a morning person
  </p>
  <p
    className="product_description"
  >
    Whether you're a morning person or not.  Whether you're gym bound or not.  Everyone looks good in joggers.
  </p>
</section>
`;
