// Jest Snapshot v1, https://goo.gl/fbAQLP

exports[`renders correctly without recommendations 1`] = `
<div
  id="percent-recommend"
/>
`;
